Archive member included to satisfy reference by file (symbol)

c:/st/stm32cubeide_1.1.0/stm32cubeide/plugins/com.st.stm32cube.ide.mcu.externaltools.gnu-tools-for-stm32.7-2018-q2-update.win32_1.0.0.201904181610/tools/bin/../lib/gcc/arm-none-eabi/7.3.1/../../../../arm-none-eabi/lib/thumb/v7-m\libc_nano.a(lib_a-errno.o)
                              Core/Src/syscalls.o (__errno)
c:/st/stm32cubeide_1.1.0/stm32cubeide/plugins/com.st.stm32cube.ide.mcu.externaltools.gnu-tools-for-stm32.7-2018-q2-update.win32_1.0.0.201904181610/tools/bin/../lib/gcc/arm-none-eabi/7.3.1/../../../../arm-none-eabi/lib/thumb/v7-m\libc_nano.a(lib_a-exit.o)
                              c:/st/stm32cubeide_1.1.0/stm32cubeide/plugins/com.st.stm32cube.ide.mcu.externaltools.gnu-tools-for-stm32.7-2018-q2-update.win32_1.0.0.201904181610/tools/bin/../lib/gcc/arm-none-eabi/7.3.1/../../../../arm-none-eabi/lib/thumb/v7-m/crt0.o (exit)
c:/st/stm32cubeide_1.1.0/stm32cubeide/plugins/com.st.stm32cube.ide.mcu.externaltools.gnu-tools-for-stm32.7-2018-q2-update.win32_1.0.0.201904181610/tools/bin/../lib/gcc/arm-none-eabi/7.3.1/../../../../arm-none-eabi/lib/thumb/v7-m\libc_nano.a(lib_a-impure.o)
                              c:/st/stm32cubeide_1.1.0/stm32cubeide/plugins/com.st.stm32cube.ide.mcu.externaltools.gnu-tools-for-stm32.7-2018-q2-update.win32_1.0.0.201904181610/tools/bin/../lib/gcc/arm-none-eabi/7.3.1/../../../../arm-none-eabi/lib/thumb/v7-m\libc_nano.a(lib_a-exit.o) (_global_impure_ptr)
c:/st/stm32cubeide_1.1.0/stm32cubeide/plugins/com.st.stm32cube.ide.mcu.externaltools.gnu-tools-for-stm32.7-2018-q2-update.win32_1.0.0.201904181610/tools/bin/../lib/gcc/arm-none-eabi/7.3.1/../../../../arm-none-eabi/lib/thumb/v7-m\libc_nano.a(lib_a-init.o)
                              c:/st/stm32cubeide_1.1.0/stm32cubeide/plugins/com.st.stm32cube.ide.mcu.externaltools.gnu-tools-for-stm32.7-2018-q2-update.win32_1.0.0.201904181610/tools/bin/../lib/gcc/arm-none-eabi/7.3.1/../../../../arm-none-eabi/lib/thumb/v7-m/crt0.o (__libc_init_array)
c:/st/stm32cubeide_1.1.0/stm32cubeide/plugins/com.st.stm32cube.ide.mcu.externaltools.gnu-tools-for-stm32.7-2018-q2-update.win32_1.0.0.201904181610/tools/bin/../lib/gcc/arm-none-eabi/7.3.1/../../../../arm-none-eabi/lib/thumb/v7-m\libc_nano.a(lib_a-memset.o)
                              c:/st/stm32cubeide_1.1.0/stm32cubeide/plugins/com.st.stm32cube.ide.mcu.externaltools.gnu-tools-for-stm32.7-2018-q2-update.win32_1.0.0.201904181610/tools/bin/../lib/gcc/arm-none-eabi/7.3.1/../../../../arm-none-eabi/lib/thumb/v7-m/crt0.o (memset)
c:/st/stm32cubeide_1.1.0/stm32cubeide/plugins/com.st.stm32cube.ide.mcu.externaltools.gnu-tools-for-stm32.7-2018-q2-update.win32_1.0.0.201904181610/tools/bin/../lib/gcc/arm-none-eabi/7.3.1/thumb/v7-m\libgcc.a(_arm_addsubdf3.o)
                              Core/Src/main.o (__aeabi_i2d)
c:/st/stm32cubeide_1.1.0/stm32cubeide/plugins/com.st.stm32cube.ide.mcu.externaltools.gnu-tools-for-stm32.7-2018-q2-update.win32_1.0.0.201904181610/tools/bin/../lib/gcc/arm-none-eabi/7.3.1/thumb/v7-m\libgcc.a(_arm_muldivdf3.o)
                              Core/Src/main.o (__aeabi_ddiv)
c:/st/stm32cubeide_1.1.0/stm32cubeide/plugins/com.st.stm32cube.ide.mcu.externaltools.gnu-tools-for-stm32.7-2018-q2-update.win32_1.0.0.201904181610/tools/bin/../lib/gcc/arm-none-eabi/7.3.1/thumb/v7-m\libgcc.a(_arm_truncdfsf2.o)
                              Core/Src/main.o (__aeabi_d2f)
c:/st/stm32cubeide_1.1.0/stm32cubeide/plugins/com.st.stm32cube.ide.mcu.externaltools.gnu-tools-for-stm32.7-2018-q2-update.win32_1.0.0.201904181610/tools/bin/../lib/gcc/arm-none-eabi/7.3.1/thumb/v7-m\libgcc.a(_arm_addsubsf3.o)
                              Core/Src/main.o (__aeabi_fsub)
c:/st/stm32cubeide_1.1.0/stm32cubeide/plugins/com.st.stm32cube.ide.mcu.externaltools.gnu-tools-for-stm32.7-2018-q2-update.win32_1.0.0.201904181610/tools/bin/../lib/gcc/arm-none-eabi/7.3.1/thumb/v7-m\libgcc.a(_arm_muldivsf3.o)
                              Core/Src/main.o (__aeabi_fmul)
c:/st/stm32cubeide_1.1.0/stm32cubeide/plugins/com.st.stm32cube.ide.mcu.externaltools.gnu-tools-for-stm32.7-2018-q2-update.win32_1.0.0.201904181610/tools/bin/../lib/gcc/arm-none-eabi/7.3.1/thumb/v7-m\libgcc.a(_arm_cmpsf2.o)
                              Core/Src/main.o (__aeabi_fcmpgt)
c:/st/stm32cubeide_1.1.0/stm32cubeide/plugins/com.st.stm32cube.ide.mcu.externaltools.gnu-tools-for-stm32.7-2018-q2-update.win32_1.0.0.201904181610/tools/bin/../lib/gcc/arm-none-eabi/7.3.1/thumb/v7-m\libgcc.a(_arm_fixsfsi.o)
                              Core/Src/main.o (__aeabi_f2iz)

Allocating common symbols
Common symbol       size              file

prev_t1             0x4               Core/Src/main.o
prev_t              0x4               Core/Src/main.o
params              0x20              Core/Src/main.o
htim4               0x40              Core/Src/tim.o
_DCON_RX_length     0x1               Core/Src/dcon.o
uwTick              0x4               Drivers/STM32F1xx_HAL_Driver/Src/stm32f1xx_hal.o
[...]
Memory Configuration

Name             Origin             Length             Attributes
RAM              0x0000000020000000 0x0000000000005000 xrw
FLASH            0x0000000008000000 0x0000000000010000 xr
*default*        0x0000000000000000 0xffffffffffffffff

Linker script and memory map

LOAD c:/st/stm32cubeide_1.1.0/stm32cubeide/plugins/com.st.stm32cube.ide.mcu.externaltools.gnu-tools-for-stm32.7-2018-q2-update.win32_1.0.0.201904181610/tools/bin/../lib/gcc/arm-none-eabi/7.3.1/thumb/v7-m/crti.o
LOAD c:/st/stm32cubeide_1.1.0/stm32cubeide/plugins/com.st.stm32cube.ide.mcu.externaltools.gnu-tools-for-stm32.7-2018-q2-update.win32_1.0.0.201904181610/tools/bin/../lib/gcc/arm-none-eabi/7.3.1/thumb/v7-m/crtbegin.o
LOAD c:/st/stm32cubeide_1.1.0/stm32cubeide/plugins/com.st.stm32cube.ide.mcu.externaltools.gnu-tools-for-stm32.7-2018-q2-update.win32_1.0.0.201904181610/tools/bin/../lib/gcc/arm-none-eabi/7.3.1/../../../../arm-none-eabi/lib/thumb/v7-m/crt0.o
LOAD Core/Src/dcon.o
LOAD Core/Src/ds18b20.o
LOAD Core/Src/gpio.o
LOAD Core/Src/main.o
LOAD Core/Src/stm32f1xx_hal_msp.o
LOAD Core/Src/stm32f1xx_it.o
LOAD Core/Src/sys.o
LOAD Core/Src/syscalls.o
LOAD Core/Src/sysmem.o
LOAD Core/Src/system_stm32f1xx.o
LOAD Core/Src/tim.o
LOAD Core/Src/usart.o
LOAD Core/Startup/startup_stm32f103c8tx.o
LOAD Drivers/STM32F1xx_HAL_Driver/Src/stm32f1xx_hal.o
LOAD Drivers/STM32F1xx_HAL_Driver/Src/stm32f1xx_hal_cortex.o
LOAD Drivers/STM32F1xx_HAL_Driver/Src/stm32f1xx_hal_dma.o
LOAD Drivers/STM32F1xx_HAL_Driver/Src/stm32f1xx_hal_exti.o
LOAD Drivers/STM32F1xx_HAL_Driver/Src/stm32f1xx_hal_flash.o
LOAD Drivers/STM32F1xx_HAL_Driver/Src/stm32f1xx_hal_flash_ex.o
LOAD Drivers/STM32F1xx_HAL_Driver/Src/stm32f1xx_hal_gpio.o
LOAD Drivers/STM32F1xx_HAL_Driver/Src/stm32f1xx_hal_gpio_ex.o
LOAD Drivers/STM32F1xx_HAL_Driver/Src/stm32f1xx_hal_pwr.o
LOAD Drivers/STM32F1xx_HAL_Driver/Src/stm32f1xx_hal_rcc.o
LOAD Drivers/STM32F1xx_HAL_Driver/Src/stm32f1xx_hal_rcc_ex.o
LOAD Drivers/STM32F1xx_HAL_Driver/Src/stm32f1xx_hal_tim.o
LOAD Drivers/STM32F1xx_HAL_Driver/Src/stm32f1xx_hal_tim_ex.o
LOAD Drivers/STM32F1xx_HAL_Driver/Src/stm32f1xx_hal_uart.o
START GROUP
LOAD c:/st/stm32cubeide_1.1.0/stm32cubeide/plugins/com.st.stm32cube.ide.mcu.externaltools.gnu-tools-for-stm32.7-2018-q2-update.win32_1.0.0.201904181610/tools/bin/../lib/gcc/arm-none-eabi/7.3.1/../../../../arm-none-eabi/lib/thumb/v7-m\libc_nano.a
LOAD c:/st/stm32cubeide_1.1.0/stm32cubeide/plugins/com.st.stm32cube.ide.mcu.externaltools.gnu-tools-for-stm32.7-2018-q2-update.win32_1.0.0.201904181610/tools/bin/../lib/gcc/arm-none-eabi/7.3.1/../../../../arm-none-eabi/lib/thumb/v7-m\libm.a
END GROUP
START GROUP
LOAD c:/st/stm32cubeide_1.1.0/stm32cubeide/plugins/com.st.stm32cube.ide.mcu.externaltools.gnu-tools-for-stm32.7-2018-q2-update.win32_1.0.0.201904181610/tools/bin/../lib/gcc/arm-none-eabi/7.3.1/thumb/v7-m\libgcc.a
LOAD c:/st/stm32cubeide_1.1.0/stm32cubeide/plugins/com.st.stm32cube.ide.mcu.externaltools.gnu-tools-for-stm32.7-2018-q2-update.win32_1.0.0.201904181610/tools/bin/../lib/gcc/arm-none-eabi/7.3.1/../../../../arm-none-eabi/lib/thumb/v7-m\libc_nano.a
END GROUP
START GROUP
LOAD c:/st/stm32cubeide_1.1.0/stm32cubeide/plugins/com.st.stm32cube.ide.mcu.externaltools.gnu-tools-for-stm32.7-2018-q2-update.win32_1.0.0.201904181610/tools/bin/../lib/gcc/arm-none-eabi/7.3.1/thumb/v7-m\libgcc.a
LOAD c:/st/stm32cubeide_1.1.0/stm32cubeide/plugins/com.st.stm32cube.ide.mcu.externaltools.gnu-tools-for-stm32.7-2018-q2-update.win32_1.0.0.201904181610/tools/bin/../lib/gcc/arm-none-eabi/7.3.1/../../../../arm-none-eabi/lib/thumb/v7-m\libc_nano.a
LOAD c:/st/stm32cubeide_1.1.0/stm32cubeide/plugins/com.st.stm32cube.ide.mcu.externaltools.gnu-tools-for-stm32.7-2018-q2-update.win32_1.0.0.201904181610/tools/bin/../lib/gcc/arm-none-eabi/7.3.1/../../../../arm-none-eabi/lib/thumb/v7-m\libnosys.a
END GROUP
START GROUP
LOAD c:/st/stm32cubeide_1.1.0/stm32cubeide/plugins/com.st.stm32cube.ide.mcu.externaltools.gnu-tools-for-stm32.7-2018-q2-update.win32_1.0.0.201904181610/tools/bin/../lib/gcc/arm-none-eabi/7.3.1/thumb/v7-m\libgcc.a
LOAD c:/st/stm32cubeide_1.1.0/stm32cubeide/plugins/com.st.stm32cube.ide.mcu.externaltools.gnu-tools-for-stm32.7-2018-q2-update.win32_1.0.0.201904181610/tools/bin/../lib/gcc/arm-none-eabi/7.3.1/../../../../arm-none-eabi/lib/thumb/v7-m\libc_nano.a
LOAD c:/st/stm32cubeide_1.1.0/stm32cubeide/plugins/com.st.stm32cube.ide.mcu.externaltools.gnu-tools-for-stm32.7-2018-q2-update.win32_1.0.0.201904181610/tools/bin/../lib/gcc/arm-none-eabi/7.3.1/../../../../arm-none-eabi/lib/thumb/v7-m\libnosys.a
END GROUP
LOAD c:/st/stm32cubeide_1.1.0/stm32cubeide/plugins/com.st.stm32cube.ide.mcu.externaltools.gnu-tools-for-stm32.7-2018-q2-update.win32_1.0.0.201904181610/tools/bin/../lib/gcc/arm-none-eabi/7.3.1/thumb/v7-m/crtend.o
LOAD c:/st/stm32cubeide_1.1.0/stm32cubeide/plugins/com.st.stm32cube.ide.mcu.externaltools.gnu-tools-for-stm32.7-2018-q2-update.win32_1.0.0.201904181610/tools/bin/../lib/gcc/arm-none-eabi/7.3.1/thumb/v7-m/crtn.o
                0x0000000020005000                _estack = (ORIGIN (RAM) + LENGTH (RAM))
                0x0000000000000200                _Min_Heap_Size = 0x200
                0x0000000000000400                _Min_Stack_Size = 0x400

.isr_vector     0x0000000008000000      0x10c
                0x0000000008000000                . = ALIGN (0x4)
 *(.isr_vector)
 .isr_vector    0x0000000008000000      0x10c Core/Startup/startup_stm32f103c8tx.o
                0x0000000008000000                g_pfnVectors
                0x000000000800010c                . = ALIGN (0x4)

.text           0x000000000800010c     0x4d98
                0x000000000800010c                . = ALIGN (0x4)
 *(.text)
 .text          0x000000000800010c       0x40 c:/st/stm32cubeide_1.1.0/stm32cubeide/plugins/com.st.stm32cube.ide.mcu.externaltools.gnu-tools-for-stm32.7-2018-q2-update.win32_1.0.0.201904181610/tools/bin/../lib/gcc/arm-none-eabi/7.3.1/thumb/v7-m/crtbegin.o
 .text          0x000000000800014c      0x378 c:/st/stm32cubeide_1.1.0/stm32cubeide/plugins/com.st.stm32cube.ide.mcu.externaltools.gnu-tools-for-stm32.7-2018-q2-update.win32_1.0.0.201904181610/tools/bin/../lib/gcc/arm-none-eabi/7.3.1/thumb/v7-m\libgcc.a(_arm_addsubdf3.o)
                0x000000000800014c                __aeabi_drsub
                0x0000000008000154                __aeabi_dsub
                0x0000000008000154                __subdf3
                0x0000000008000158                __aeabi_dadd
                0x0000000008000158                __adddf3
                0x00000000080003d0                __floatunsidf
                0x00000000080003d0                __aeabi_ui2d
                0x00000000080003f0                __floatsidf
                0x00000000080003f0                __aeabi_i2d
                0x0000000008000414                __aeabi_f2d
                0x0000000008000414                __extendsfdf2
                0x0000000008000458                __floatundidf
                0x0000000008000458                __aeabi_ul2d
                0x0000000008000468                __floatdidf
                0x0000000008000468                __aeabi_l2d
 .text          0x00000000080004c4      0x424 c:/st/stm32cubeide_1.1.0/stm32cubeide/plugins/com.st.stm32cube.ide.mcu.externaltools.gnu-tools-for-stm32.7-2018-q2-update.win32_1.0.0.201904181610/tools/bin/../lib/gcc/arm-none-eabi/7.3.1/thumb/v7-m\libgcc.a(_arm_muldivdf3.o)
                0x00000000080004c4                __aeabi_dmul
                0x00000000080004c4                __muldf3
                0x0000000008000718                __divdf3
                0x0000000008000718                __aeabi_ddiv
 .text          0x00000000080008e8       0xa0 c:/st/stm32cubeide_1.1.0/stm32cubeide/plugins/com.st.stm32cube.ide.mcu.externaltools.gnu-tools-for-stm32.7-2018-q2-update.win32_1.0.0.201904181610/tools/bin/../lib/gcc/arm-none-eabi/7.3.1/thumb/v7-m\libgcc.a(_arm_truncdfsf2.o)
                0x00000000080008e8                __truncdfsf2
                0x00000000080008e8                __aeabi_d2f
 .text          0x0000000008000988      0x21c c:/st/stm32cubeide_1.1.0/stm32cubeide/plugins/com.st.stm32cube.ide.mcu.externaltools.gnu-tools-for-stm32.7-2018-q2-update.win32_1.0.0.201904181610/tools/bin/../lib/gcc/arm-none-eabi/7.3.1/thumb/v7-m\libgcc.a(_arm_addsubsf3.o)
                0x0000000008000988                __aeabi_frsub
                0x0000000008000990                __subsf3
                0x0000000008000990                __aeabi_fsub
                0x0000000008000994                __aeabi_fadd
                0x0000000008000994                __addsf3
                0x0000000008000af4                __aeabi_ui2f
                0x0000000008000af4                __floatunsisf
                0x0000000008000afc                __aeabi_i2f
                0x0000000008000afc                __floatsisf
                0x0000000008000b18                __aeabi_ul2f
                0x0000000008000b18                __floatundisf
                0x0000000008000b28                __aeabi_l2f
                0x0000000008000b28                __floatdisf
 .text          0x0000000008000ba4      0x2a0 c:/st/stm32cubeide_1.1.0/stm32cubeide/plugins/com.st.stm32cube.ide.mcu.externaltools.gnu-tools-for-stm32.7-2018-q2-update.win32_1.0.0.201904181610/tools/bin/../lib/gcc/arm-none-eabi/7.3.1/thumb/v7-m\libgcc.a(_arm_muldivsf3.o)
                0x0000000008000ba4                __mulsf3
                0x0000000008000ba4                __aeabi_fmul
                0x0000000008000d0c                __aeabi_fdiv
                0x0000000008000d0c                __divsf3
 .text          0x0000000008000e44       0xec c:/st/stm32cubeide_1.1.0/stm32cubeide/plugins/com.st.stm32cube.ide.mcu.externaltools.gnu-tools-for-stm32.7-2018-q2-update.win32_1.0.0.201904181610/tools/bin/../lib/gcc/arm-none-eabi/7.3.1/thumb/v7-m\libgcc.a(_arm_cmpsf2.o)
                0x0000000008000e44                __gesf2
                0x0000000008000e44                __gtsf2
                0x0000000008000e4c                __lesf2
                0x0000000008000e4c                __ltsf2
                0x0000000008000e54                __nesf2
                0x0000000008000e54                __eqsf2
                0x0000000008000e54                __cmpsf2
                0x0000000008000eb4                __aeabi_cfrcmple
                0x0000000008000ebc                __aeabi_cfcmpeq
                0x0000000008000ebc                __aeabi_cfcmple
                0x0000000008000ecc                __aeabi_fcmpeq
                0x0000000008000ee0                __aeabi_fcmplt
                0x0000000008000ef4                __aeabi_fcmple
                0x0000000008000f08                __aeabi_fcmpge
                0x0000000008000f1c                __aeabi_fcmpgt
 .text          0x0000000008000f30       0x4c c:/st/stm32cubeide_1.1.0/stm32cubeide/plugins/com.st.stm32cube.ide.mcu.externaltools.gnu-tools-for-stm32.7-2018-q2-update.win32_1.0.0.201904181610/tools/bin/../lib/gcc/arm-none-eabi/7.3.1/thumb/v7-m\libgcc.a(_arm_fixsfsi.o)
                0x0000000008000f30                __aeabi_f2iz
                0x0000000008000f30                __fixsfsi
 *(.text*)
 .text.Read_DCON
                0x0000000008000f7c      0x11c Core/Src/dcon.o
                0x0000000008000f7c                Read_DCON
 .text.Write_DCON
                0x0000000008001098      0x10c Core/Src/dcon.o
                0x0000000008001098                Write_DCON
 .text.DWT_Init
                0x00000000080011a4       0x2c Core/Src/ds18b20.o
                0x00000000080011a4                DWT_Init
 .text.delay_us
                0x00000000080011d0       0x44 Core/Src/ds18b20.o
                0x00000000080011d0                delay_us
 .text.Init_ds18b20_0
                0x0000000008001214       0x1a Core/Src/ds18b20.o
                0x0000000008001214                Init_ds18b20_0
 *fill*         0x000000000800122e        0x2 
 .text.reset_0  0x0000000008001230       0x30 Core/Src/ds18b20.o
                0x0000000008001230                reset_0
 .text.writeBit_0
                0x0000000008001260       0x50 Core/Src/ds18b20.o
                0x0000000008001260                writeBit_0
 .text.writeByte_0
                0x00000000080012b0       0x40 Core/Src/ds18b20.o
                0x00000000080012b0                writeByte_0
 .text.readBit_0
                0x00000000080012f0       0x54 Core/Src/ds18b20.o
                0x00000000080012f0                readBit_0
 .text.readTemperature_0
                0x0000000008001344       0x40 Core/Src/ds18b20.o
                0x0000000008001344                readTemperature_0
 .text.ds18b20_mesureTemperature_0
                0x0000000008001384       0x18 Core/Src/ds18b20.o
                0x0000000008001384                ds18b20_mesureTemperature_0
 .text.ds18b20_getTemperature_0
                0x000000000800139c       0x1e Core/Src/ds18b20.o
                0x000000000800139c                ds18b20_getTemperature_0
 .text.setResolution_0
                0x00000000080013ba       0x36 Core/Src/ds18b20.o
                0x00000000080013ba                setResolution_0
 .text.Init_ds18b20_1
                0x00000000080013f0       0x1a Core/Src/ds18b20.o
                0x00000000080013f0                Init_ds18b20_1
 *fill*         0x000000000800140a        0x2 
 .text.reset_1  0x000000000800140c       0x30 Core/Src/ds18b20.o
                0x000000000800140c                reset_1
 .text.writeBit_1
                0x000000000800143c       0x50 Core/Src/ds18b20.o
                0x000000000800143c                writeBit_1
 .text.writeByte_1
                0x000000000800148c       0x40 Core/Src/ds18b20.o
                0x000000000800148c                writeByte_1
 .text.readBit_1
                0x00000000080014cc       0x54 Core/Src/ds18b20.o
                0x00000000080014cc                readBit_1
 .text.readTemperature_1
                0x0000000008001520       0x40 Core/Src/ds18b20.o
                0x0000000008001520                readTemperature_1
 .text.ds18b20_mesureTemperature_1
                0x0000000008001560       0x18 Core/Src/ds18b20.o
                0x0000000008001560                ds18b20_mesureTemperature_1
 .text.ds18b20_getTemperature_1
                0x0000000008001578       0x1e Core/Src/ds18b20.o
                0x0000000008001578                ds18b20_getTemperature_1
 .text.setResolution_1
                0x0000000008001596       0x36 Core/Src/ds18b20.o
                0x0000000008001596                setResolution_1
 .text.Init_ds18b20_2
                0x00000000080015cc       0x1a Core/Src/ds18b20.o
                0x00000000080015cc                Init_ds18b20_2
 *fill*         0x00000000080015e6        0x2 
 .text.reset_2  0x00000000080015e8       0x30 Core/Src/ds18b20.o
                0x00000000080015e8                reset_2
 .text.writeBit_2
                0x0000000008001618       0x50 Core/Src/ds18b20.o
                0x0000000008001618                writeBit_2
 .text.writeByte_2
                0x0000000008001668       0x40 Core/Src/ds18b20.o
                0x0000000008001668                writeByte_2
 .text.readBit_2
                0x00000000080016a8       0x54 Core/Src/ds18b20.o
                0x00000000080016a8                readBit_2
 .text.readTemperature_2
                0x00000000080016fc       0x40 Core/Src/ds18b20.o
                0x00000000080016fc                readTemperature_2
 .text.ds18b20_mesureTemperature_2
                0x000000000800173c       0x18 Core/Src/ds18b20.o
                0x000000000800173c                ds18b20_mesureTemperature_2
 .text.ds18b20_getTemperature_2
                0x0000000008001754       0x1e Core/Src/ds18b20.o
                0x0000000008001754                ds18b20_getTemperature_2
 .text.setResolution_2
                0x0000000008001772       0x36 Core/Src/ds18b20.o
                0x0000000008001772                setResolution_2
 .text.MX_GPIO_Init
                0x00000000080017a8       0xc0 Core/Src/gpio.o
                0x00000000080017a8                MX_GPIO_Init
 .text.HAL_TIM_PeriodElapsedCallback
                0x0000000008001868       0x2c Core/Src/main.o
                0x0000000008001868                HAL_TIM_PeriodElapsedCallback
 .text.FLASH_ReadSettings
                0x0000000008001894       0x48 Core/Src/main.o
                0x0000000008001894                FLASH_ReadSettings
 .text.FLASH_WriteSettings
                0x00000000080018dc       0x94 Core/Src/main.o
                0x00000000080018dc                FLASH_WriteSettings
 .text.char2_to_hex
                0x0000000008001970       0x88 Core/Src/main.o
                0x0000000008001970                char2_to_hex
 .text.hex_to_char2
                0x00000000080019f8       0x60 Core/Src/main.o
                0x00000000080019f8                hex_to_char2
 .text.dec_to_char4
                0x0000000008001a58       0xd8 Core/Src/main.o
                0x0000000008001a58                dec_to_char4
 .text.Preparation_Response
                0x0000000008001b30       0x74 Core/Src/main.o
                0x0000000008001b30                Preparation_Response
 .text.Poll_DCON
                0x0000000008001ba4      0x3ac Core/Src/main.o
                0x0000000008001ba4                Poll_DCON
 .text.main     0x0000000008001f50      0x3c0 Core/Src/main.o
                0x0000000008001f50                main
 .text.SystemClock_Config
                0x0000000008002310       0x8a Core/Src/main.o
                0x0000000008002310                SystemClock_Config
 .text.Error_Handler
                0x000000000800239a        0xc Core/Src/main.o
                0x000000000800239a                Error_Handler
 *fill*         0x00000000080023a6        0x2 
 .text.HAL_MspInit
                0x00000000080023a8       0x64 Core/Src/stm32f1xx_hal_msp.o
                0x00000000080023a8                HAL_MspInit
 .text.NMI_Handler
                0x000000000800240c        0xc Core/Src/stm32f1xx_it.o
                0x000000000800240c                NMI_Handler
 .text.HardFault_Handler
                0x0000000008002418        0x6 Core/Src/stm32f1xx_it.o
                0x0000000008002418                HardFault_Handler
 .text.MemManage_Handler
                0x000000000800241e        0x6 Core/Src/stm32f1xx_it.o
                0x000000000800241e                MemManage_Handler
 .text.BusFault_Handler
                0x0000000008002424        0x6 Core/Src/stm32f1xx_it.o
                0x0000000008002424                BusFault_Handler
 .text.UsageFault_Handler
                0x000000000800242a        0x6 Core/Src/stm32f1xx_it.o
                0x000000000800242a                UsageFault_Handler
 .text.SVC_Handler
                0x0000000008002430        0xc Core/Src/stm32f1xx_it.o
                0x0000000008002430                SVC_Handler
 .text.DebugMon_Handler
                0x000000000800243c        0xc Core/Src/stm32f1xx_it.o
                0x000000000800243c                DebugMon_Handler
 .text.PendSV_Handler
                0x0000000008002448        0xc Core/Src/stm32f1xx_it.o
                0x0000000008002448                PendSV_Handler
 .text.SysTick_Handler
                0x0000000008002454        0xc Core/Src/stm32f1xx_it.o
                0x0000000008002454                SysTick_Handler
 .text.TIM4_IRQHandler
                0x0000000008002460       0x14 Core/Src/stm32f1xx_it.o
                0x0000000008002460                TIM4_IRQHandler
 .text.USART1_IRQHandler
                0x0000000008002474       0xd4 Core/Src/stm32f1xx_it.o
                0x0000000008002474                USART1_IRQHandler
 .text.SystemInit
                0x0000000008002548       0x68 Core/Src/system_stm32f1xx.o
                0x0000000008002548                SystemInit
 .text.MX_TIM1_Init
                0x00000000080025b0      0x108 Core/Src/tim.o
                0x00000000080025b0                MX_TIM1_Init
 .text.MX_TIM4_Init
                0x00000000080026b8       0x9c Core/Src/tim.o
                0x00000000080026b8                MX_TIM4_Init
 .text.HAL_TIM_PWM_MspInit
                0x0000000008002754       0x3c Core/Src/tim.o
                0x0000000008002754                HAL_TIM_PWM_MspInit
 .text.HAL_TIM_Base_MspInit
                0x0000000008002790       0x4c Core/Src/tim.o
                0x0000000008002790                HAL_TIM_Base_MspInit
 .text.HAL_TIM_MspPostInit
                0x00000000080027dc       0x68 Core/Src/tim.o
                0x00000000080027dc                HAL_TIM_MspPostInit
 .text.MX_USART1_UART_Init
                0x0000000008002844       0x54 Core/Src/usart.o
                0x0000000008002844                MX_USART1_UART_Init
 .text.HAL_UART_MspInit
                0x0000000008002898       0xa8 Core/Src/usart.o
                0x0000000008002898                HAL_UART_MspInit
 .text.Reset_Handler
                0x0000000008002940       0x48 Core/Startup/startup_stm32f103c8tx.o
                0x0000000008002940                Reset_Handler
 .text.Default_Handler
                0x0000000008002988        0x2 Core/Startup/startup_stm32f103c8tx.o
                0x0000000008002988                RTC_Alarm_IRQHandler
                0x0000000008002988                EXTI2_IRQHandler
                0x0000000008002988                TIM1_CC_IRQHandler
                0x0000000008002988                PVD_IRQHandler
                0x0000000008002988                EXTI3_IRQHandler
                0x0000000008002988                EXTI0_IRQHandler
                0x0000000008002988                I2C2_EV_IRQHandler
                0x0000000008002988                ADC1_2_IRQHandler
                0x0000000008002988                SPI1_IRQHandler
                0x0000000008002988                TAMPER_IRQHandler
                0x0000000008002988                DMA1_Channel4_IRQHandler
                0x0000000008002988                USART3_IRQHandler
                0x0000000008002988                RTC_IRQHandler
                0x0000000008002988                DMA1_Channel7_IRQHandler
                0x0000000008002988                CAN1_RX1_IRQHandler
                0x0000000008002988                I2C1_EV_IRQHandler
                0x0000000008002988                DMA1_Channel6_IRQHandler
                0x0000000008002988                TIM3_IRQHandler
                0x0000000008002988                RCC_IRQHandler
                0x0000000008002988                TIM1_TRG_COM_IRQHandler
                0x0000000008002988                DMA1_Channel1_IRQHandler
                0x0000000008002988                Default_Handler
                0x0000000008002988                EXTI15_10_IRQHandler
                0x0000000008002988                EXTI9_5_IRQHandler
                0x0000000008002988                SPI2_IRQHandler
                0x0000000008002988                DMA1_Channel5_IRQHandler
                0x0000000008002988                EXTI4_IRQHandler
                0x0000000008002988                USB_LP_CAN1_RX0_IRQHandler
                0x0000000008002988                USB_HP_CAN1_TX_IRQHandler
                0x0000000008002988                DMA1_Channel3_IRQHandler
                0x0000000008002988                TIM1_UP_IRQHandler
                0x0000000008002988                WWDG_IRQHandler
                0x0000000008002988                TIM2_IRQHandler
                0x0000000008002988                TIM1_BRK_IRQHandler
                0x0000000008002988                EXTI1_IRQHandler
                0x0000000008002988                USART2_IRQHandler
                0x0000000008002988                I2C2_ER_IRQHandler
                0x0000000008002988                DMA1_Channel2_IRQHandler
                0x0000000008002988                CAN1_SCE_IRQHandler
                0x0000000008002988                FLASH_IRQHandler
                0x0000000008002988                I2C1_ER_IRQHandler
                0x0000000008002988                USBWakeUp_IRQHandler
 *fill*         0x000000000800298a        0x2 
 .text.HAL_Init
                0x000000000800298c       0x2c Drivers/STM32F1xx_HAL_Driver/Src/stm32f1xx_hal.o
                0x000000000800298c                HAL_Init
 .text.HAL_InitTick
                0x00000000080029b8       0x60 Drivers/STM32F1xx_HAL_Driver/Src/stm32f1xx_hal.o
                0x00000000080029b8                HAL_InitTick
 .text.HAL_IncTick
                0x0000000008002a18       0x24 Drivers/STM32F1xx_HAL_Driver/Src/stm32f1xx_hal.o
                0x0000000008002a18                HAL_IncTick
 .text.HAL_GetTick
                0x0000000008002a3c       0x14 Drivers/STM32F1xx_HAL_Driver/Src/stm32f1xx_hal.o
                0x0000000008002a3c                HAL_GetTick
 .text.HAL_Delay
                0x0000000008002a50       0x44 Drivers/STM32F1xx_HAL_Driver/Src/stm32f1xx_hal.o
                0x0000000008002a50                HAL_Delay
 .text.__NVIC_SetPriorityGrouping
                0x0000000008002a94       0x48 Drivers/STM32F1xx_HAL_Driver/Src/stm32f1xx_hal_cortex.o
 .text.__NVIC_GetPriorityGrouping
                0x0000000008002adc       0x1c Drivers/STM32F1xx_HAL_Driver/Src/stm32f1xx_hal_cortex.o
 .text.__NVIC_EnableIRQ
                0x0000000008002af8       0x38 Drivers/STM32F1xx_HAL_Driver/Src/stm32f1xx_hal_cortex.o
 .text.__NVIC_SetPriority
                0x0000000008002b30       0x54 Drivers/STM32F1xx_HAL_Driver/Src/stm32f1xx_hal_cortex.o
 .text.NVIC_EncodePriority
                0x0000000008002b84       0x64 Drivers/STM32F1xx_HAL_Driver/Src/stm32f1xx_hal_cortex.o
 .text.SysTick_Config
                0x0000000008002be8       0x44 Drivers/STM32F1xx_HAL_Driver/Src/stm32f1xx_hal_cortex.o
 .text.HAL_NVIC_SetPriorityGrouping
                0x0000000008002c2c       0x16 Drivers/STM32F1xx_HAL_Driver/Src/stm32f1xx_hal_cortex.o
                0x0000000008002c2c                HAL_NVIC_SetPriorityGrouping
 .text.HAL_NVIC_SetPriority
                0x0000000008002c42       0x38 Drivers/STM32F1xx_HAL_Driver/Src/stm32f1xx_hal_cortex.o
                0x0000000008002c42                HAL_NVIC_SetPriority
 .text.HAL_NVIC_EnableIRQ
                0x0000000008002c7a       0x1c Drivers/STM32F1xx_HAL_Driver/Src/stm32f1xx_hal_cortex.o
                0x0000000008002c7a                HAL_NVIC_EnableIRQ
 .text.HAL_SYSTICK_Config
                0x0000000008002c96       0x18 Drivers/STM32F1xx_HAL_Driver/Src/stm32f1xx_hal_cortex.o
                0x0000000008002c96                HAL_SYSTICK_Config
 *fill*         0x0000000008002cae        0x2 
 .text.HAL_FLASH_Program
                0x0000000008002cb0       0xe0 Drivers/STM32F1xx_HAL_Driver/Src/stm32f1xx_hal_flash.o
                0x0000000008002cb0                HAL_FLASH_Program
 .text.HAL_FLASH_Unlock
                0x0000000008002d90       0x4c Drivers/STM32F1xx_HAL_Driver/Src/stm32f1xx_hal_flash.o
                0x0000000008002d90                HAL_FLASH_Unlock
 .text.HAL_FLASH_Lock
                0x0000000008002ddc       0x20 Drivers/STM32F1xx_HAL_Driver/Src/stm32f1xx_hal_flash.o
                0x0000000008002ddc                HAL_FLASH_Lock
 .text.FLASH_Program_HalfWord
                0x0000000008002dfc       0x38 Drivers/STM32F1xx_HAL_Driver/Src/stm32f1xx_hal_flash.o
 .text.FLASH_WaitForLastOperation
                0x0000000008002e34       0x8c Drivers/STM32F1xx_HAL_Driver/Src/stm32f1xx_hal_flash.o
                0x0000000008002e34                FLASH_WaitForLastOperation
 .text.FLASH_SetErrorCode
                0x0000000008002ec0       0xa0 Drivers/STM32F1xx_HAL_Driver/Src/stm32f1xx_hal_flash.o
 .text.HAL_FLASHEx_Erase
                0x0000000008002f60       0xd8 Drivers/STM32F1xx_HAL_Driver/Src/stm32f1xx_hal_flash_ex.o
                0x0000000008002f60                HAL_FLASHEx_Erase
 .text.FLASH_MassErase
                0x0000000008003038       0x38 Drivers/STM32F1xx_HAL_Driver/Src/stm32f1xx_hal_flash_ex.o
 .text.FLASH_PageErase
                0x0000000008003070       0x40 Drivers/STM32F1xx_HAL_Driver/Src/stm32f1xx_hal_flash_ex.o
                0x0000000008003070                FLASH_PageErase
 .text.HAL_GPIO_Init
                0x00000000080030b0      0x2b4 Drivers/STM32F1xx_HAL_Driver/Src/stm32f1xx_hal_gpio.o
                0x00000000080030b0                HAL_GPIO_Init
 .text.HAL_GPIO_ReadPin
                0x0000000008003364       0x2e Drivers/STM32F1xx_HAL_Driver/Src/stm32f1xx_hal_gpio.o
                0x0000000008003364                HAL_GPIO_ReadPin
 .text.HAL_GPIO_WritePin
                0x0000000008003392       0x30 Drivers/STM32F1xx_HAL_Driver/Src/stm32f1xx_hal_gpio.o
                0x0000000008003392                HAL_GPIO_WritePin
 *fill*         0x00000000080033c2        0x2 
 .text.HAL_RCC_OscConfig
                0x00000000080033c4      0x500 Drivers/STM32F1xx_HAL_Driver/Src/stm32f1xx_hal_rcc.o
                0x00000000080033c4                HAL_RCC_OscConfig
 .text.HAL_RCC_ClockConfig
                0x00000000080038c4      0x1d4 Drivers/STM32F1xx_HAL_Driver/Src/stm32f1xx_hal_rcc.o
                0x00000000080038c4                HAL_RCC_ClockConfig
 .text.HAL_RCC_GetSysClockFreq
                0x0000000008003a98       0xc4 Drivers/STM32F1xx_HAL_Driver/Src/stm32f1xx_hal_rcc.o
                0x0000000008003a98                HAL_RCC_GetSysClockFreq
 .text.HAL_RCC_GetHCLKFreq
                0x0000000008003b5c       0x14 Drivers/STM32F1xx_HAL_Driver/Src/stm32f1xx_hal_rcc.o
                0x0000000008003b5c                HAL_RCC_GetHCLKFreq
 .text.HAL_RCC_GetPCLK1Freq
                0x0000000008003b70       0x28 Drivers/STM32F1xx_HAL_Driver/Src/stm32f1xx_hal_rcc.o
                0x0000000008003b70                HAL_RCC_GetPCLK1Freq
 .text.HAL_RCC_GetPCLK2Freq
                0x0000000008003b98       0x28 Drivers/STM32F1xx_HAL_Driver/Src/stm32f1xx_hal_rcc.o
                0x0000000008003b98                HAL_RCC_GetPCLK2Freq
 .text.RCC_Delay
                0x0000000008003bc0       0x3c Drivers/STM32F1xx_HAL_Driver/Src/stm32f1xx_hal_rcc.o
 .text.HAL_TIM_Base_Init
                0x0000000008003bfc       0x56 Drivers/STM32F1xx_HAL_Driver/Src/stm32f1xx_hal_tim.o
                0x0000000008003bfc                HAL_TIM_Base_Init
 .text.HAL_TIM_Base_Start_IT
                0x0000000008003c52       0x46 Drivers/STM32F1xx_HAL_Driver/Src/stm32f1xx_hal_tim.o
                0x0000000008003c52                HAL_TIM_Base_Start_IT
 .text.HAL_TIM_Base_Stop_IT
                0x0000000008003c98       0x54 Drivers/STM32F1xx_HAL_Driver/Src/stm32f1xx_hal_tim.o
                0x0000000008003c98                HAL_TIM_Base_Stop_IT
 .text.HAL_TIM_PWM_Init
                0x0000000008003cec       0x56 Drivers/STM32F1xx_HAL_Driver/Src/stm32f1xx_hal_tim.o
                0x0000000008003cec                HAL_TIM_PWM_Init
 *fill*         0x0000000008003d42        0x2 
 .text.HAL_TIM_PWM_Start_IT
                0x0000000008003d44       0xf0 Drivers/STM32F1xx_HAL_Driver/Src/stm32f1xx_hal_tim.o
                0x0000000008003d44                HAL_TIM_PWM_Start_IT
 .text.HAL_TIM_IRQHandler
                0x0000000008003e34      0x210 Drivers/STM32F1xx_HAL_Driver/Src/stm32f1xx_hal_tim.o
                0x0000000008003e34                HAL_TIM_IRQHandler
 .text.HAL_TIM_PWM_ConfigChannel
                0x0000000008004044      0x18c Drivers/STM32F1xx_HAL_Driver/Src/stm32f1xx_hal_tim.o
                0x0000000008004044                HAL_TIM_PWM_ConfigChannel
 .text.HAL_TIM_ConfigClockSource
                0x00000000080041d0      0x16e Drivers/STM32F1xx_HAL_Driver/Src/stm32f1xx_hal_tim.o
                0x00000000080041d0                HAL_TIM_ConfigClockSource
 .text.HAL_TIM_OC_DelayElapsedCallback
                0x000000000800433e       0x12 Drivers/STM32F1xx_HAL_Driver/Src/stm32f1xx_hal_tim.o
                0x000000000800433e                HAL_TIM_OC_DelayElapsedCallback
 .text.HAL_TIM_IC_CaptureCallback
                0x0000000008004350       0x12 Drivers/STM32F1xx_HAL_Driver/Src/stm32f1xx_hal_tim.o
                0x0000000008004350                HAL_TIM_IC_CaptureCallback
 .text.HAL_TIM_PWM_PulseFinishedCallback
                0x0000000008004362       0x12 Drivers/STM32F1xx_HAL_Driver/Src/stm32f1xx_hal_tim.o
                0x0000000008004362                HAL_TIM_PWM_PulseFinishedCallback
 .text.HAL_TIM_TriggerCallback
                0x0000000008004374       0x12 Drivers/STM32F1xx_HAL_Driver/Src/stm32f1xx_hal_tim.o
                0x0000000008004374                HAL_TIM_TriggerCallback
 *fill*         0x0000000008004386        0x2 
 .text.TIM_Base_SetConfig
                0x0000000008004388       0xc4 Drivers/STM32F1xx_HAL_Driver/Src/stm32f1xx_hal_tim.o
                0x0000000008004388                TIM_Base_SetConfig
 .text.TIM_OC1_SetConfig
                0x000000000800444c       0xcc Drivers/STM32F1xx_HAL_Driver/Src/stm32f1xx_hal_tim.o
 .text.TIM_OC2_SetConfig
                0x0000000008004518       0xd4 Drivers/STM32F1xx_HAL_Driver/Src/stm32f1xx_hal_tim.o
                0x0000000008004518                TIM_OC2_SetConfig
 .text.TIM_OC3_SetConfig
                0x00000000080045ec       0xd4 Drivers/STM32F1xx_HAL_Driver/Src/stm32f1xx_hal_tim.o
 .text.TIM_OC4_SetConfig
                0x00000000080046c0       0x9c Drivers/STM32F1xx_HAL_Driver/Src/stm32f1xx_hal_tim.o
 .text.TIM_TI1_ConfigInputStage
                0x000000000800475c       0x5c Drivers/STM32F1xx_HAL_Driver/Src/stm32f1xx_hal_tim.o
 .text.TIM_TI2_ConfigInputStage
                0x00000000080047b8       0x5e Drivers/STM32F1xx_HAL_Driver/Src/stm32f1xx_hal_tim.o
 .text.TIM_ITRx_SetConfig
                0x0000000008004816       0x34 Drivers/STM32F1xx_HAL_Driver/Src/stm32f1xx_hal_tim.o
 .text.TIM_ETR_SetConfig
                0x000000000800484a       0x3e Drivers/STM32F1xx_HAL_Driver/Src/stm32f1xx_hal_tim.o
                0x000000000800484a                TIM_ETR_SetConfig
 .text.TIM_CCxChannelCmd
                0x0000000008004888       0x48 Drivers/STM32F1xx_HAL_Driver/Src/stm32f1xx_hal_tim.o
                0x0000000008004888                TIM_CCxChannelCmd
 .text.HAL_TIMEx_MasterConfigSynchronization
                0x00000000080048d0       0x88 Drivers/STM32F1xx_HAL_Driver/Src/stm32f1xx_hal_tim_ex.o
                0x00000000080048d0                HAL_TIMEx_MasterConfigSynchronization
 .text.HAL_TIMEx_ConfigBreakDeadTime
                0x0000000008004958       0xa2 Drivers/STM32F1xx_HAL_Driver/Src/stm32f1xx_hal_tim_ex.o
                0x0000000008004958                HAL_TIMEx_ConfigBreakDeadTime
 .text.HAL_TIMEx_CommutCallback
                0x00000000080049fa       0x12 Drivers/STM32F1xx_HAL_Driver/Src/stm32f1xx_hal_tim_ex.o
                0x00000000080049fa                HAL_TIMEx_CommutCallback
 .text.HAL_TIMEx_BreakCallback
                0x0000000008004a0c       0x12 Drivers/STM32F1xx_HAL_Driver/Src/stm32f1xx_hal_tim_ex.o
                0x0000000008004a0c                HAL_TIMEx_BreakCallback
 .text.HAL_UART_Init
                0x0000000008004a1e       0x9a Drivers/STM32F1xx_HAL_Driver/Src/stm32f1xx_hal_uart.o
                0x0000000008004a1e                HAL_UART_Init
 .text.HAL_UART_Transmit
                0x0000000008004ab8      0x132 Drivers/STM32F1xx_HAL_Driver/Src/stm32f1xx_hal_uart.o
                0x0000000008004ab8                HAL_UART_Transmit
 .text.UART_WaitOnFlagUntilTimeout
                0x0000000008004bea       0x94 Drivers/STM32F1xx_HAL_Driver/Src/stm32f1xx_hal_uart.o
 *fill*         0x0000000008004c7e        0x2 
 .text.UART_SetConfig
                0x0000000008004c80      0x1b4 Drivers/STM32F1xx_HAL_Driver/Src/stm32f1xx_hal_uart.o
 .text.__libc_init_array
                0x0000000008004e34       0x48 c:/st/stm32cubeide_1.1.0/stm32cubeide/plugins/com.st.stm32cube.ide.mcu.externaltools.gnu-tools-for-stm32.7-2018-q2-update.win32_1.0.0.201904181610/tools/bin/../lib/gcc/arm-none-eabi/7.3.1/../../../../arm-none-eabi/lib/thumb/v7-m\libc_nano.a(lib_a-init.o)
                0x0000000008004e34                __libc_init_array
 .text.memset   0x0000000008004e7c       0x10 c:/st/stm32cubeide_1.1.0/stm32cubeide/plugins/com.st.stm32cube.ide.mcu.externaltools.gnu-tools-for-stm32.7-2018-q2-update.win32_1.0.0.201904181610/tools/bin/../lib/gcc/arm-none-eabi/7.3.1/../../../../arm-none-eabi/lib/thumb/v7-m\libc_nano.a(lib_a-memset.o)
                0x0000000008004e7c                memset
 *(.glue_7)
 .glue_7        0x0000000008004e8c        0x0 linker stubs
 *(.glue_7t)
 .glue_7t       0x0000000008004e8c        0x0 linker stubs
 *(.eh_frame)
 .eh_frame      0x0000000008004e8c        0x0 c:/st/stm32cubeide_1.1.0/stm32cubeide/plugins/com.st.stm32cube.ide.mcu.externaltools.gnu-tools-for-stm32.7-2018-q2-update.win32_1.0.0.201904181610/tools/bin/../lib/gcc/arm-none-eabi/7.3.1/thumb/v7-m/crtbegin.o
 *(.init)
 .init          0x0000000008004e8c        0x4 c:/st/stm32cubeide_1.1.0/stm32cubeide/plugins/com.st.stm32cube.ide.mcu.externaltools.gnu-tools-for-stm32.7-2018-q2-update.win32_1.0.0.201904181610/tools/bin/../lib/gcc/arm-none-eabi/7.3.1/thumb/v7-m/crti.o
                0x0000000008004e8c                _init
 .init          0x0000000008004e90        0x8 c:/st/stm32cubeide_1.1.0/stm32cubeide/plugins/com.st.stm32cube.ide.mcu.externaltools.gnu-tools-for-stm32.7-2018-q2-update.win32_1.0.0.201904181610/tools/bin/../lib/gcc/arm-none-eabi/7.3.1/thumb/v7-m/crtn.o
 *(.fini)
 .fini          0x0000000008004e98        0x4 c:/st/stm32cubeide_1.1.0/stm32cubeide/plugins/com.st.stm32cube.ide.mcu.externaltools.gnu-tools-for-stm32.7-2018-q2-update.win32_1.0.0.201904181610/tools/bin/../lib/gcc/arm-none-eabi/7.3.1/thumb/v7-m/crti.o
                0x0000000008004e98                _fini
 .fini          0x0000000008004e9c        0x8 c:/st/stm32cubeide_1.1.0/stm32cubeide/plugins/com.st.stm32cube.ide.mcu.externaltools.gnu-tools-for-stm32.7-2018-q2-update.win32_1.0.0.201904181610/tools/bin/../lib/gcc/arm-none-eabi/7.3.1/thumb/v7-m/crtn.o
                0x0000000008004ea4                . = ALIGN (0x4)
                0x0000000008004ea4                _etext = .

.vfp11_veneer   0x0000000008004ea4        0x0
 .vfp11_veneer  0x0000000008004ea4        0x0 linker stubs

.v4_bx          0x0000000008004ea4        0x0
 .v4_bx         0x0000000008004ea4        0x0 linker stubs

.iplt           0x0000000008004ea4        0x0
 .iplt          0x0000000008004ea4        0x0 c:/st/stm32cubeide_1.1.0/stm32cubeide/plugins/com.st.stm32cube.ide.mcu.externaltools.gnu-tools-for-stm32.7-2018-q2-update.win32_1.0.0.201904181610/tools/bin/../lib/gcc/arm-none-eabi/7.3.1/thumb/v7-m/crtbegin.o

.rodata         0x0000000008004ea4       0x38
                0x0000000008004ea4                . = ALIGN (0x4)
 *(.rodata)
 .rodata        0x0000000008004ea4        0xa Core/Src/main.o
 *fill*         0x0000000008004eae        0x2 
 .rodata        0x0000000008004eb0       0x12 Drivers/STM32F1xx_HAL_Driver/Src/stm32f1xx_hal_rcc.o
 *(.rodata*)
 *fill*         0x0000000008004ec2        0x2 
 .rodata.AHBPrescTable
                0x0000000008004ec4       0x10 Core/Src/system_stm32f1xx.o
                0x0000000008004ec4                AHBPrescTable
 .rodata.APBPrescTable
                0x0000000008004ed4        0x8 Core/Src/system_stm32f1xx.o
                0x0000000008004ed4                APBPrescTable
                0x0000000008004edc                . = ALIGN (0x4)

.rel.dyn        0x0000000008004edc        0x0
 .rel.iplt      0x0000000008004edc        0x0 c:/st/stm32cubeide_1.1.0/stm32cubeide/plugins/com.st.stm32cube.ide.mcu.externaltools.gnu-tools-for-stm32.7-2018-q2-update.win32_1.0.0.201904181610/tools/bin/../lib/gcc/arm-none-eabi/7.3.1/thumb/v7-m/crtbegin.o

.ARM.extab      0x0000000008004edc        0x0
                0x0000000008004edc                . = ALIGN (0x4)
 *(.ARM.extab* .gnu.linkonce.armextab.*)
                0x0000000008004edc                . = ALIGN (0x4)

.ARM            0x0000000008004edc        0x0
                0x0000000008004edc                . = ALIGN (0x4)
                0x0000000008004edc                __exidx_start = .
 *(.ARM.exidx*)
                0x0000000008004edc                __exidx_end = .
                0x0000000008004edc                . = ALIGN (0x4)

.preinit_array  0x0000000008004edc        0x0
                0x0000000008004edc                . = ALIGN (0x4)
                0x0000000008004edc                PROVIDE (__preinit_array_start = .)
 *(.preinit_array*)
                0x0000000008004edc                PROVIDE (__preinit_array_end = .)
                0x0000000008004edc                . = ALIGN (0x4)

.init_array     0x0000000008004edc        0x4
                0x0000000008004edc                . = ALIGN (0x4)
                0x0000000008004edc                PROVIDE (__init_array_start = .)
 *(SORT_BY_NAME(.init_array.*))
 *(.init_array*)
 .init_array    0x0000000008004edc        0x4 c:/st/stm32cubeide_1.1.0/stm32cubeide/plugins/com.st.stm32cube.ide.mcu.externaltools.gnu-tools-for-stm32.7-2018-q2-update.win32_1.0.0.201904181610/tools/bin/../lib/gcc/arm-none-eabi/7.3.1/thumb/v7-m/crtbegin.o
                0x0000000008004ee0                PROVIDE (__init_array_end = .)
                0x0000000008004ee0                . = ALIGN (0x4)

.fini_array     0x0000000008004ee0        0x4
                0x0000000008004ee0                . = ALIGN (0x4)
                [!provide]                        PROVIDE (__fini_array_start = .)
 *(SORT_BY_NAME(.fini_array.*))
 *(.fini_array*)
 .fini_array    0x0000000008004ee0        0x4 c:/st/stm32cubeide_1.1.0/stm32cubeide/plugins/com.st.stm32cube.ide.mcu.externaltools.gnu-tools-for-stm32.7-2018-q2-update.win32_1.0.0.201904181610/tools/bin/../lib/gcc/arm-none-eabi/7.3.1/thumb/v7-m/crtbegin.o
                [!provide]                        PROVIDE (__fini_array_end = .)
                0x0000000008004ee4                . = ALIGN (0x4)
                0x0000000008004ee4                _sidata = LOADADDR (.data)

.data           0x0000000020000000       0x14 load address 0x0000000008004ee4
                0x0000000020000000                . = ALIGN (0x4)
                0x0000000020000000                _sdata = .
 *(.data)
 *(.data*)
 .data.Address_Device
                0x0000000020000000        0x2 Core/Src/main.o
                0x0000000020000000                Address_Device
 .data.flag     0x0000000020000002        0x1 Core/Src/main.o
                0x0000000020000002                flag
 *fill*         0x0000000020000003        0x1 
 .data.filter   0x0000000020000004        0x4 Core/Src/main.o
                0x0000000020000004                filter
 .data.SystemCoreClock
                0x0000000020000008        0x4 Core/Src/system_stm32f1xx.o
                0x0000000020000008                SystemCoreClock
 .data.uwTickPrio
                0x000000002000000c        0x4 Drivers/STM32F1xx_HAL_Driver/Src/stm32f1xx_hal.o
                0x000000002000000c                uwTickPrio
 .data.uwTickFreq
                0x0000000020000010        0x1 Drivers/STM32F1xx_HAL_Driver/Src/stm32f1xx_hal.o
                0x0000000020000010                uwTickFreq
                0x0000000020000014                . = ALIGN (0x4)
 *fill*         0x0000000020000011        0x3 
                0x0000000020000014                _edata = .

.igot.plt       0x0000000020000014        0x0 load address 0x0000000008004ef8
 .igot.plt      0x0000000020000014        0x0 c:/st/stm32cubeide_1.1.0/stm32cubeide/plugins/com.st.stm32cube.ide.mcu.externaltools.gnu-tools-for-stm32.7-2018-q2-update.win32_1.0.0.201904181610/tools/bin/../lib/gcc/arm-none-eabi/7.3.1/thumb/v7-m/crtbegin.o
                0x0000000020000014                . = ALIGN (0x4)

.bss            0x0000000020000018      0x218 load address 0x0000000008004ef8
                0x0000000020000018                _sbss = .
                0x0000000020000018                __bss_start__ = _sbss
 *(.bss)
 .bss           0x0000000020000018       0x1c c:/st/stm32cubeide_1.1.0/stm32cubeide/plugins/com.st.stm32cube.ide.mcu.externaltools.gnu-tools-for-stm32.7-2018-q2-update.win32_1.0.0.201904181610/tools/bin/../lib/gcc/arm-none-eabi/7.3.1/thumb/v7-m/crtbegin.o
 *(.bss*)
 .bss._DCON_RX_Buffer
                0x0000000020000034       0x40 Core/Src/dcon.o
                0x0000000020000034                _DCON_RX_Buffer
 .bss._DCON_TX_Buffer
                0x0000000020000074       0x40 Core/Src/dcon.o
                0x0000000020000074                _DCON_TX_Buffer
 .bss._CHK_mode
                0x00000000200000b4        0x1 Core/Src/dcon.o
                0x00000000200000b4                _CHK_mode
 *fill*         0x00000000200000b5        0x3 
 .bss.buf       0x00000000200000b8       0x40 Core/Src/main.o
                0x00000000200000b8                buf
 .bss.OutTemperature
                0x00000000200000f8        0x6 Core/Src/main.o
                0x00000000200000f8                OutTemperature
 *fill*         0x00000000200000fe        0x2 
 .bss.EraseInitStruct.6123
                0x0000000020000100       0x10 Core/Src/main.o
 *(COMMON)
 COMMON         0x0000000020000110        0x3 Core/Src/dcon.o
                0x0000000020000110                _DCON_RX_length
                0x0000000020000111                _DCON_RX_end
                0x0000000020000112                _DCON_RX_point
 *fill*         0x0000000020000113        0x1 
 COMMON         0x0000000020000114       0x34 Core/Src/main.o
                0x0000000020000114                prev_t1
                0x0000000020000118                prev_t
                0x000000002000011c                params
                0x000000002000013c                error
                0x0000000020000140                prev_t2
                0x0000000020000144                char4
 COMMON         0x0000000020000148       0x80 Core/Src/tim.o
                0x0000000020000148                htim4
                0x0000000020000188                htim1
 COMMON         0x00000000200001c8       0x40 Core/Src/usart.o
                0x00000000200001c8                huart1
 COMMON         0x0000000020000208        0x4 Drivers/STM32F1xx_HAL_Driver/Src/stm32f1xx_hal.o
                0x0000000020000208                uwTick
 *fill*         0x000000002000020c        0x4 
 COMMON         0x0000000020000210       0x20 Drivers/STM32F1xx_HAL_Driver/Src/stm32f1xx_hal_flash.o
                0x0000000020000210                pFlash
                0x0000000020000230                . = ALIGN (0x4)
                0x0000000020000230                _ebss = .
                0x0000000020000230                __bss_end__ = _ebss

._user_heap_stack
                0x0000000020000230      0x600 load address 0x0000000008004ef8
                0x0000000020000230                . = ALIGN (0x8)
                0x0000000020000230                PROVIDE (end = .)
                [!provide]                        PROVIDE (_end = .)
                0x0000000020000430                . = (. + _Min_Heap_Size)
 *fill*         0x0000000020000230      0x200 
                0x0000000020000830                . = (. + _Min_Stack_Size)
 *fill*         0x0000000020000430      0x400 
                0x0000000020000830                . = ALIGN (0x8)

/DISCARD/
 libc.a(*)
 libm.a(*)
 libgcc.a(*)

.ARM.attributes
                0x0000000000000000       0x29
 *(.ARM.attributes)
 .ARM.attributes
                0x0000000000000000       0x1d c:/st/stm32cubeide_1.1.0/stm32cubeide/plugins/com.st.stm32cube.ide.mcu.externaltools.gnu-tools-for-stm32.7-2018-q2-update.win32_1.0.0.201904181610/tools/bin/../lib/gcc/arm-none-eabi/7.3.1/thumb/v7-m/crti.o
 .ARM.attributes
                0x000000000000001d       0x2d c:/st/stm32cubeide_1.1.0/stm32cubeide/plugins/com.st.stm32cube.ide.mcu.externaltools.gnu-tools-for-stm32.7-2018-q2-update.win32_1.0.0.201904181610/tools/bin/../lib/gcc/arm-none-eabi/7.3.1/thumb/v7-m/crtbegin.o
 .ARM.attributes
                0x000000000000004a       0x33 Core/Src/dcon.o
 .ARM.attributes
                0x000000000000007d       0x33 Core/Src/ds18b20.o
 .ARM.attributes
                0x00000000000000b0       0x33 Core/Src/gpio.o
 .ARM.attributes
                0x00000000000000e3       0x33 Core/Src/main.o
 .ARM.attributes
                0x0000000000000116       0x33 Core/Src/stm32f1xx_hal_msp.o
 .ARM.attributes
                0x0000000000000149       0x33 Core/Src/stm32f1xx_it.o
 .ARM.attributes
                0x000000000000017c       0x33 Core/Src/system_stm32f1xx.o
 .ARM.attributes
                0x00000000000001af       0x33 Core/Src/tim.o
 .ARM.attributes
                0x00000000000001e2       0x33 Core/Src/usart.o
 .ARM.attributes
                0x0000000000000215       0x21 Core/Startup/startup_stm32f103c8tx.o
 .ARM.attributes
                0x0000000000000236       0x33 Drivers/STM32F1xx_HAL_Driver/Src/stm32f1xx_hal.o
 .ARM.attributes
                0x0000000000000269       0x33 Drivers/STM32F1xx_HAL_Driver/Src/stm32f1xx_hal_cortex.o
 .ARM.attributes
                0x000000000000029c       0x33 Drivers/STM32F1xx_HAL_Driver/Src/stm32f1xx_hal_flash.o
 .ARM.attributes
                0x00000000000002cf       0x33 Drivers/STM32F1xx_HAL_Driver/Src/stm32f1xx_hal_flash_ex.o
 .ARM.attributes
                0x0000000000000302       0x33 Drivers/STM32F1xx_HAL_Driver/Src/stm32f1xx_hal_gpio.o
 .ARM.attributes
                0x0000000000000335       0x33 Drivers/STM32F1xx_HAL_Driver/Src/stm32f1xx_hal_rcc.o
 .ARM.attributes
                0x0000000000000368       0x33 Drivers/STM32F1xx_HAL_Driver/Src/stm32f1xx_hal_tim.o
 .ARM.attributes
                0x000000000000039b       0x33 Drivers/STM32F1xx_HAL_Driver/Src/stm32f1xx_hal_tim_ex.o
 .ARM.attributes
                0x00000000000003ce       0x33 Drivers/STM32F1xx_HAL_Driver/Src/stm32f1xx_hal_uart.o
 .ARM.attributes
                0x0000000000000401       0x2d c:/st/stm32cubeide_1.1.0/stm32cubeide/plugins/com.st.stm32cube.ide.mcu.externaltools.gnu-tools-for-stm32.7-2018-q2-update.win32_1.0.0.201904181610/tools/bin/../lib/gcc/arm-none-eabi/7.3.1/../../../../arm-none-eabi/lib/thumb/v7-m\libc_nano.a(lib_a-init.o)
 .ARM.attributes
                0x000000000000042e       0x2d c:/st/stm32cubeide_1.1.0/stm32cubeide/plugins/com.st.stm32cube.ide.mcu.externaltools.gnu-tools-for-stm32.7-2018-q2-update.win32_1.0.0.201904181610/tools/bin/../lib/gcc/arm-none-eabi/7.3.1/../../../../arm-none-eabi/lib/thumb/v7-m\libc_nano.a(lib_a-memset.o)
 .ARM.attributes
                0x000000000000045b       0x1d c:/st/stm32cubeide_1.1.0/stm32cubeide/plugins/com.st.stm32cube.ide.mcu.externaltools.gnu-tools-for-stm32.7-2018-q2-update.win32_1.0.0.201904181610/tools/bin/../lib/gcc/arm-none-eabi/7.3.1/thumb/v7-m\libgcc.a(_arm_addsubdf3.o)
 .ARM.attributes
                0x0000000000000478       0x1d c:/st/stm32cubeide_1.1.0/stm32cubeide/plugins/com.st.stm32cube.ide.mcu.externaltools.gnu-tools-for-stm32.7-2018-q2-update.win32_1.0.0.201904181610/tools/bin/../lib/gcc/arm-none-eabi/7.3.1/thumb/v7-m\libgcc.a(_arm_muldivdf3.o)
 .ARM.attributes
                0x0000000000000495       0x1d c:/st/stm32cubeide_1.1.0/stm32cubeide/plugins/com.st.stm32cube.ide.mcu.externaltools.gnu-tools-for-stm32.7-2018-q2-update.win32_1.0.0.201904181610/tools/bin/../lib/gcc/arm-none-eabi/7.3.1/thumb/v7-m\libgcc.a(_arm_truncdfsf2.o)
 .ARM.attributes
                0x00000000000004b2       0x1d c:/st/stm32cubeide_1.1.0/stm32cubeide/plugins/com.st.stm32cube.ide.mcu.externaltools.gnu-tools-for-stm32.7-2018-q2-update.win32_1.0.0.201904181610/tools/bin/../lib/gcc/arm-none-eabi/7.3.1/thumb/v7-m\libgcc.a(_arm_addsubsf3.o)
 .ARM.attributes
                0x00000000000004cf       0x1d c:/st/stm32cubeide_1.1.0/stm32cubeide/plugins/com.st.stm32cube.ide.mcu.externaltools.gnu-tools-for-stm32.7-2018-q2-update.win32_1.0.0.201904181610/tools/bin/../lib/gcc/arm-none-eabi/7.3.1/thumb/v7-m\libgcc.a(_arm_muldivsf3.o)
 .ARM.attributes
                0x00000000000004ec       0x1d c:/st/stm32cubeide_1.1.0/stm32cubeide/plugins/com.st.stm32cube.ide.mcu.externaltools.gnu-tools-for-stm32.7-2018-q2-update.win32_1.0.0.201904181610/tools/bin/../lib/gcc/arm-none-eabi/7.3.1/thumb/v7-m\libgcc.a(_arm_cmpsf2.o)
 .ARM.attributes
                0x0000000000000509       0x1d c:/st/stm32cubeide_1.1.0/stm32cubeide/plugins/com.st.stm32cube.ide.mcu.externaltools.gnu-tools-for-stm32.7-2018-q2-update.win32_1.0.0.201904181610/tools/bin/../lib/gcc/arm-none-eabi/7.3.1/thumb/v7-m\libgcc.a(_arm_fixsfsi.o)
 .ARM.attributes
                0x0000000000000526       0x1d c:/st/stm32cubeide_1.1.0/stm32cubeide/plugins/com.st.stm32cube.ide.mcu.externaltools.gnu-tools-for-stm32.7-2018-q2-update.win32_1.0.0.201904181610/tools/bin/../lib/gcc/arm-none-eabi/7.3.1/thumb/v7-m/crtn.o
OUTPUT(STM32_Kosmos_DCON_DS18B20.elf elf32-littlearm)

.debug_info     0x0000000000000000     0xbc5e
 .debug_info    0x0000000000000000      0x6e5 Core/Src/dcon.o
 .debug_info    0x00000000000006e5      0x7e4 Core/Src/ds18b20.o
 .debug_info    0x0000000000000ec9      0x352 Core/Src/gpio.o
 .debug_info    0x000000000000121b      0xf62 Core/Src/main.o
 .debug_info    0x000000000000217d      0x2cb Core/Src/stm32f1xx_hal_msp.o
 .debug_info    0x0000000000002448      0x962 Core/Src/stm32f1xx_it.o
 .debug_info    0x0000000000002daa      0x433 Core/Src/system_stm32f1xx.o
 .debug_info    0x00000000000031dd      0xbb6 Core/Src/tim.o
 .debug_info    0x0000000000003d93      0x8ee Core/Src/usart.o
 .debug_info    0x0000000000004681       0x22 Core/Startup/startup_stm32f103c8tx.o
 .debug_info    0x00000000000046a3      0x6fe Drivers/STM32F1xx_HAL_Driver/Src/stm32f1xx_hal.o
 .debug_info    0x0000000000004da1      0xb46 Drivers/STM32F1xx_HAL_Driver/Src/stm32f1xx_hal_cortex.o
 .debug_info    0x00000000000058e7      0x599 Drivers/STM32F1xx_HAL_Driver/Src/stm32f1xx_hal_flash.o
 .debug_info    0x0000000000005e80      0x81c Drivers/STM32F1xx_HAL_Driver/Src/stm32f1xx_hal_flash_ex.o
 .debug_info    0x000000000000669c      0x681 Drivers/STM32F1xx_HAL_Driver/Src/stm32f1xx_hal_gpio.o
 .debug_info    0x0000000000006d1d      0x804 Drivers/STM32F1xx_HAL_Driver/Src/stm32f1xx_hal_rcc.o
 .debug_info    0x0000000000007521     0x2456 Drivers/STM32F1xx_HAL_Driver/Src/stm32f1xx_hal_tim.o
 .debug_info    0x0000000000009977     0x1104 Drivers/STM32F1xx_HAL_Driver/Src/stm32f1xx_hal_tim_ex.o
 .debug_info    0x000000000000aa7b     0x11e3 Drivers/STM32F1xx_HAL_Driver/Src/stm32f1xx_hal_uart.o

.debug_abbrev   0x0000000000000000     0x21ec
 .debug_abbrev  0x0000000000000000      0x1b6 Core/Src/dcon.o
 .debug_abbrev  0x00000000000001b6      0x1e8 Core/Src/ds18b20.o
 .debug_abbrev  0x000000000000039e      0x134 Core/Src/gpio.o
 .debug_abbrev  0x00000000000004d2      0x258 Core/Src/main.o
 .debug_abbrev  0x000000000000072a      0x109 Core/Src/stm32f1xx_hal_msp.o
 .debug_abbrev  0x0000000000000833      0x1a4 Core/Src/stm32f1xx_it.o
 .debug_abbrev  0x00000000000009d7      0x134 Core/Src/system_stm32f1xx.o
 .debug_abbrev  0x0000000000000b0b      0x1c2 Core/Src/tim.o
 .debug_abbrev  0x0000000000000ccd      0x1a2 Core/Src/usart.o
 .debug_abbrev  0x0000000000000e6f       0x12 Core/Startup/startup_stm32f103c8tx.o
 .debug_abbrev  0x0000000000000e81      0x1d8 Drivers/STM32F1xx_HAL_Driver/Src/stm32f1xx_hal.o
 .debug_abbrev  0x0000000000001059      0x2d5 Drivers/STM32F1xx_HAL_Driver/Src/stm32f1xx_hal_cortex.o
 .debug_abbrev  0x000000000000132e      0x210 Drivers/STM32F1xx_HAL_Driver/Src/stm32f1xx_hal_flash.o
 .debug_abbrev  0x000000000000153e      0x21b Drivers/STM32F1xx_HAL_Driver/Src/stm32f1xx_hal_flash_ex.o
 .debug_abbrev  0x0000000000001759      0x1c0 Drivers/STM32F1xx_HAL_Driver/Src/stm32f1xx_hal_gpio.o
 .debug_abbrev  0x0000000000001919      0x243 Drivers/STM32F1xx_HAL_Driver/Src/stm32f1xx_hal_rcc.o
 .debug_abbrev  0x0000000000001b5c      0x230 Drivers/STM32F1xx_HAL_Driver/Src/stm32f1xx_hal_tim.o
 .debug_abbrev  0x0000000000001d8c      0x21e Drivers/STM32F1xx_HAL_Driver/Src/stm32f1xx_hal_tim_ex.o
 .debug_abbrev  0x0000000000001faa      0x242 Drivers/STM32F1xx_HAL_Driver/Src/stm32f1xx_hal_uart.o

.debug_aranges  0x0000000000000000      0xdd8
 .debug_aranges
                0x0000000000000000       0x30 Core/Src/dcon.o
 .debug_aranges
                0x0000000000000030      0x100 Core/Src/ds18b20.o
 .debug_aranges
                0x0000000000000130       0x20 Core/Src/gpio.o
 .debug_aranges
                0x0000000000000150       0x78 Core/Src/main.o
 .debug_aranges
                0x00000000000001c8       0x20 Core/Src/stm32f1xx_hal_msp.o
 .debug_aranges
                0x00000000000001e8       0x70 Core/Src/stm32f1xx_it.o
 .debug_aranges
                0x0000000000000258       0x28 Core/Src/system_stm32f1xx.o
 .debug_aranges
                0x0000000000000280       0x50 Core/Src/tim.o
 .debug_aranges
                0x00000000000002d0       0x30 Core/Src/usart.o
 .debug_aranges
                0x0000000000000300       0x28 Core/Startup/startup_stm32f103c8tx.o
 .debug_aranges
                0x0000000000000328       0xe0 Drivers/STM32F1xx_HAL_Driver/Src/stm32f1xx_hal.o
 .debug_aranges
                0x0000000000000408      0x100 Drivers/STM32F1xx_HAL_Driver/Src/stm32f1xx_hal_cortex.o
 .debug_aranges
                0x0000000000000508       0x88 Drivers/STM32F1xx_HAL_Driver/Src/stm32f1xx_hal_flash.o
 .debug_aranges
                0x0000000000000590       0x98 Drivers/STM32F1xx_HAL_Driver/Src/stm32f1xx_hal_flash_ex.o
 .debug_aranges
                0x0000000000000628       0x58 Drivers/STM32F1xx_HAL_Driver/Src/stm32f1xx_hal_gpio.o
 .debug_aranges
                0x0000000000000680       0x90 Drivers/STM32F1xx_HAL_Driver/Src/stm32f1xx_hal_rcc.o
 .debug_aranges
                0x0000000000000710      0x3a8 Drivers/STM32F1xx_HAL_Driver/Src/stm32f1xx_hal_tim.o
 .debug_aranges
                0x0000000000000ab8      0x150 Drivers/STM32F1xx_HAL_Driver/Src/stm32f1xx_hal_tim_ex.o
 .debug_aranges
                0x0000000000000c08      0x1d0 Drivers/STM32F1xx_HAL_Driver/Src/stm32f1xx_hal_uart.o

.debug_ranges   0x0000000000000000      0xcc8
 .debug_ranges  0x0000000000000000       0x20 Core/Src/dcon.o
 .debug_ranges  0x0000000000000020       0xf0 Core/Src/ds18b20.o
 .debug_ranges  0x0000000000000110       0x10 Core/Src/gpio.o
 .debug_ranges  0x0000000000000120       0x68 Core/Src/main.o
 .debug_ranges  0x0000000000000188       0x10 Core/Src/stm32f1xx_hal_msp.o
 .debug_ranges  0x0000000000000198       0x78 Core/Src/stm32f1xx_it.o
 .debug_ranges  0x0000000000000210       0x18 Core/Src/system_stm32f1xx.o
 .debug_ranges  0x0000000000000228       0x40 Core/Src/tim.o
 .debug_ranges  0x0000000000000268       0x20 Core/Src/usart.o
 .debug_ranges  0x0000000000000288       0x20 Core/Startup/startup_stm32f103c8tx.o
 .debug_ranges  0x00000000000002a8       0xd0 Drivers/STM32F1xx_HAL_Driver/Src/stm32f1xx_hal.o
 .debug_ranges  0x0000000000000378       0xf0 Drivers/STM32F1xx_HAL_Driver/Src/stm32f1xx_hal_cortex.o
 .debug_ranges  0x0000000000000468       0x78 Drivers/STM32F1xx_HAL_Driver/Src/stm32f1xx_hal_flash.o
 .debug_ranges  0x00000000000004e0       0x88 Drivers/STM32F1xx_HAL_Driver/Src/stm32f1xx_hal_flash_ex.o
 .debug_ranges  0x0000000000000568       0x48 Drivers/STM32F1xx_HAL_Driver/Src/stm32f1xx_hal_gpio.o
 .debug_ranges  0x00000000000005b0       0x80 Drivers/STM32F1xx_HAL_Driver/Src/stm32f1xx_hal_rcc.o
 .debug_ranges  0x0000000000000630      0x398 Drivers/STM32F1xx_HAL_Driver/Src/stm32f1xx_hal_tim.o
 .debug_ranges  0x00000000000009c8      0x140 Drivers/STM32F1xx_HAL_Driver/Src/stm32f1xx_hal_tim_ex.o
 .debug_ranges  0x0000000000000b08      0x1c0 Drivers/STM32F1xx_HAL_Driver/Src/stm32f1xx_hal_uart.o

.debug_macro    0x0000000000000000    0x1449c
 .debug_macro   0x0000000000000000      0x1b3 Core/Src/dcon.o
 .debug_macro   0x00000000000001b3      0xa5a Core/Src/dcon.o
 .debug_macro   0x0000000000000c0d      0x21b Core/Src/dcon.o
 .debug_macro   0x0000000000000e28       0x2e Core/Src/dcon.o
 .debug_macro   0x0000000000000e56       0x22 Core/Src/dcon.o
 .debug_macro   0x0000000000000e78       0x22 Core/Src/dcon.o
 .debug_macro   0x0000000000000e9a       0x8e Core/Src/dcon.o
 .debug_macro   0x0000000000000f28       0x51 Core/Src/dcon.o
 .debug_macro   0x0000000000000f79       0xef Core/Src/dcon.o
 .debug_macro   0x0000000000001068       0x6a Core/Src/dcon.o
 .debug_macro   0x00000000000010d2      0x1df Core/Src/dcon.o
 .debug_macro   0x00000000000012b1       0x1c Core/Src/dcon.o
 .debug_macro   0x00000000000012cd       0x22 Core/Src/dcon.o
 .debug_macro   0x00000000000012ef       0xc3 Core/Src/dcon.o
 .debug_macro   0x00000000000013b2      0xd23 Core/Src/dcon.o
 .debug_macro   0x00000000000020d5     0xe09e Core/Src/dcon.o
 .debug_macro   0x0000000000010173       0x43 Core/Src/dcon.o
 .debug_macro   0x00000000000101b6      0x174 Core/Src/dcon.o
 .debug_macro   0x000000000001032a       0x5a Core/Src/dcon.o
 .debug_macro   0x0000000000010384      0x5be Core/Src/dcon.o
 .debug_macro   0x0000000000010942      0x289 Core/Src/dcon.o
 .debug_macro   0x0000000000010bcb      0x1cb Core/Src/dcon.o
 .debug_macro   0x0000000000010d96      0x114 Core/Src/dcon.o
 .debug_macro   0x0000000000010eaa      0x1b2 Core/Src/dcon.o
 .debug_macro   0x000000000001105c       0x27 Core/Src/dcon.o
 .debug_macro   0x0000000000011083      0x136 Core/Src/dcon.o
 .debug_macro   0x00000000000111b9      0x1bc Core/Src/dcon.o
 .debug_macro   0x0000000000011375       0x34 Core/Src/dcon.o
 .debug_macro   0x00000000000113a9       0x3c Core/Src/dcon.o
 .debug_macro   0x00000000000113e5       0x57 Core/Src/dcon.o
 .debug_macro   0x000000000001143c       0x88 Core/Src/dcon.o
 .debug_macro   0x00000000000114c4      0x241 Core/Src/dcon.o
 .debug_macro   0x0000000000011705      0x141 Core/Src/dcon.o
 .debug_macro   0x0000000000011846      0x88b Core/Src/dcon.o
 .debug_macro   0x00000000000120d1      0x26b Core/Src/dcon.o
 .debug_macro   0x000000000001233c       0x83 Core/Src/dcon.o
 .debug_macro   0x00000000000123bf       0x16 Core/Src/dcon.o
 .debug_macro   0x00000000000123d5      0x1d7 Core/Src/ds18b20.o
 .debug_macro   0x00000000000125ac       0x4c Core/Src/ds18b20.o
 .debug_macro   0x00000000000125f8      0x1ae Core/Src/gpio.o
 .debug_macro   0x00000000000127a6      0x1f3 Core/Src/main.o
 .debug_macro   0x0000000000012999       0x1c Core/Src/main.o
 .debug_macro   0x00000000000129b5      0x315 Core/Src/main.o
 .debug_macro   0x0000000000012cca       0x52 Core/Src/main.o
 .debug_macro   0x0000000000012d1c      0x1a4 Core/Src/stm32f1xx_hal_msp.o
 .debug_macro   0x0000000000012ec0      0x1c1 Core/Src/stm32f1xx_it.o
 .debug_macro   0x0000000000013081      0x1a0 Core/Src/system_stm32f1xx.o
 .debug_macro   0x0000000000013221      0x1ae Core/Src/tim.o
 .debug_macro   0x00000000000133cf      0x1ae Core/Src/usart.o
 .debug_macro   0x000000000001357d      0x1be Drivers/STM32F1xx_HAL_Driver/Src/stm32f1xx_hal.o
 .debug_macro   0x000000000001373b      0x19a Drivers/STM32F1xx_HAL_Driver/Src/stm32f1xx_hal_cortex.o
 .debug_macro   0x00000000000138d5      0x19a Drivers/STM32F1xx_HAL_Driver/Src/stm32f1xx_hal_flash.o
 .debug_macro   0x0000000000013a6f      0x1ac Drivers/STM32F1xx_HAL_Driver/Src/stm32f1xx_hal_flash_ex.o
 .debug_macro   0x0000000000013c1b      0x205 Drivers/STM32F1xx_HAL_Driver/Src/stm32f1xx_hal_gpio.o
 .debug_macro   0x0000000000013e20      0x1ac Drivers/STM32F1xx_HAL_Driver/Src/stm32f1xx_hal_rcc.o
 .debug_macro   0x0000000000013fcc      0x19b Drivers/STM32F1xx_HAL_Driver/Src/stm32f1xx_hal_tim.o
 .debug_macro   0x0000000000014167      0x19a Drivers/STM32F1xx_HAL_Driver/Src/stm32f1xx_hal_tim_ex.o
 .debug_macro   0x0000000000014301      0x19b Drivers/STM32F1xx_HAL_Driver/Src/stm32f1xx_hal_uart.o

.debug_line     0x0000000000000000     0xa63a
 .debug_line    0x0000000000000000      0x6d6 Core/Src/dcon.o
 .debug_line    0x00000000000006d6      0x97e Core/Src/ds18b20.o
 .debug_line    0x0000000000001054      0x640 Core/Src/gpio.o
 .debug_line    0x0000000000001694      0x97d Core/Src/main.o
 .debug_line    0x0000000000002011      0x637 Core/Src/stm32f1xx_hal_msp.o
 .debug_line    0x0000000000002648      0x72f Core/Src/stm32f1xx_it.o
 .debug_line    0x0000000000002d77      0x667 Core/Src/system_stm32f1xx.o
 .debug_line    0x00000000000033de      0x6da Core/Src/tim.o
 .debug_line    0x0000000000003ab8      0x66f Core/Src/usart.o
 .debug_line    0x0000000000004127       0x84 Core/Startup/startup_stm32f103c8tx.o
 .debug_line    0x00000000000041ab      0x80f Drivers/STM32F1xx_HAL_Driver/Src/stm32f1xx_hal.o
 .debug_line    0x00000000000049ba      0x8e8 Drivers/STM32F1xx_HAL_Driver/Src/stm32f1xx_hal_cortex.o
 .debug_line    0x00000000000052a2      0x82c Drivers/STM32F1xx_HAL_Driver/Src/stm32f1xx_hal_flash.o
 .debug_line    0x0000000000005ace      0x87b Drivers/STM32F1xx_HAL_Driver/Src/stm32f1xx_hal_flash_ex.o
 .debug_line    0x0000000000006349      0x80f Drivers/STM32F1xx_HAL_Driver/Src/stm32f1xx_hal_gpio.o
 .debug_line    0x0000000000006b58      0x8d1 Drivers/STM32F1xx_HAL_Driver/Src/stm32f1xx_hal_rcc.o
 .debug_line    0x0000000000007429     0x16d5 Drivers/STM32F1xx_HAL_Driver/Src/stm32f1xx_hal_tim.o
 .debug_line    0x0000000000008afe      0xc22 Drivers/STM32F1xx_HAL_Driver/Src/stm32f1xx_hal_tim_ex.o
 .debug_line    0x0000000000009720      0xf1a Drivers/STM32F1xx_HAL_Driver/Src/stm32f1xx_hal_uart.o

.debug_str      0x0000000000000000    0x6fa17
 .debug_str     0x0000000000000000    0x6aa40 Core/Src/dcon.o
                                      0x6ad4a (size before relaxing)
 .debug_str     0x000000000006aa40      0x545 Core/Src/ds18b20.o
                                      0x6ae20 (size before relaxing)
 .debug_str     0x000000000006af85       0x9c Core/Src/gpio.o
                                      0x6a9a7 (size before relaxing)
 .debug_str     0x000000000006b021     0x1a8e Core/Src/main.o
                                      0x6c98f (size before relaxing)
 .debug_str     0x000000000006caaf       0x50 Core/Src/stm32f1xx_hal_msp.o
                                      0x6a95f (size before relaxing)
 .debug_str     0x000000000006caff       0xe5 Core/Src/stm32f1xx_it.o
                                      0x6afc0 (size before relaxing)
 .debug_str     0x000000000006cbe4       0xc2 Core/Src/system_stm32f1xx.o
                                      0x6a9c6 (size before relaxing)
 .debug_str     0x000000000006cca6      0x4b7 Core/Src/tim.o
                                      0x6b286 (size before relaxing)
 .debug_str     0x000000000006d15d       0x57 Core/Src/usart.o
                                      0x6b047 (size before relaxing)
 .debug_str     0x000000000006d1b4       0x36 Core/Startup/startup_stm32f103c8tx.o
                                         0x82 (size before relaxing)
 .debug_str     0x000000000006d1ea      0x3c0 Drivers/STM32F1xx_HAL_Driver/Src/stm32f1xx_hal.o
                                      0x6afd7 (size before relaxing)
 .debug_str     0x000000000006d5aa      0x2be Drivers/STM32F1xx_HAL_Driver/Src/stm32f1xx_hal_cortex.o
                                      0x6afe5 (size before relaxing)
 .debug_str     0x000000000006d868      0x286 Drivers/STM32F1xx_HAL_Driver/Src/stm32f1xx_hal_flash.o
                                      0x6ac22 (size before relaxing)
 .debug_str     0x000000000006daee      0x328 Drivers/STM32F1xx_HAL_Driver/Src/stm32f1xx_hal_flash_ex.o
                                      0x6ade6 (size before relaxing)
 .debug_str     0x000000000006de16      0x31f Drivers/STM32F1xx_HAL_Driver/Src/stm32f1xx_hal_gpio.o
                                      0x6ad10 (size before relaxing)
 .debug_str     0x000000000006e135      0x263 Drivers/STM32F1xx_HAL_Driver/Src/stm32f1xx_hal_rcc.o
                                      0x6ad49 (size before relaxing)
 .debug_str     0x000000000006e398      0xcd4 Drivers/STM32F1xx_HAL_Driver/Src/stm32f1xx_hal_tim.o
                                      0x6bb14 (size before relaxing)
 .debug_str     0x000000000006f06c      0x49b Drivers/STM32F1xx_HAL_Driver/Src/stm32f1xx_hal_tim_ex.o
                                      0x6b314 (size before relaxing)
 .debug_str     0x000000000006f507      0x510 Drivers/STM32F1xx_HAL_Driver/Src/stm32f1xx_hal_uart.o
                                      0x6b238 (size before relaxing)

.comment        0x0000000000000000       0x7b
 .comment       0x0000000000000000       0x7b Core/Src/dcon.o
                                         0x7c (size before relaxing)
 .comment       0x000000000000007b       0x7c Core/Src/ds18b20.o
 .comment       0x000000000000007b       0x7c Core/Src/gpio.o
 .comment       0x000000000000007b       0x7c Core/Src/main.o
 .comment       0x000000000000007b       0x7c Core/Src/stm32f1xx_hal_msp.o
 .comment       0x000000000000007b       0x7c Core/Src/stm32f1xx_it.o
 .comment       0x000000000000007b       0x7c Core/Src/system_stm32f1xx.o
 .comment       0x000000000000007b       0x7c Core/Src/tim.o
 .comment       0x000000000000007b       0x7c Core/Src/usart.o
 .comment       0x000000000000007b       0x7c Drivers/STM32F1xx_HAL_Driver/Src/stm32f1xx_hal.o
 .comment       0x000000000000007b       0x7c Drivers/STM32F1xx_HAL_Driver/Src/stm32f1xx_hal_cortex.o
 .comment       0x000000000000007b       0x7c Drivers/STM32F1xx_HAL_Driver/Src/stm32f1xx_hal_flash.o
 .comment       0x000000000000007b       0x7c Drivers/STM32F1xx_HAL_Driver/Src/stm32f1xx_hal_flash_ex.o
 .comment       0x000000000000007b       0x7c Drivers/STM32F1xx_HAL_Driver/Src/stm32f1xx_hal_gpio.o
 .comment       0x000000000000007b       0x7c Drivers/STM32F1xx_HAL_Driver/Src/stm32f1xx_hal_rcc.o
 .comment       0x000000000000007b       0x7c Drivers/STM32F1xx_HAL_Driver/Src/stm32f1xx_hal_tim.o
 .comment       0x000000000000007b       0x7c Drivers/STM32F1xx_HAL_Driver/Src/stm32f1xx_hal_tim_ex.o
 .comment       0x000000000000007b       0x7c Drivers/STM32F1xx_HAL_Driver/Src/stm32f1xx_hal_uart.o

.debug_frame    0x0000000000000000     0x3abc
 .debug_frame   0x0000000000000000       0x84 Core/Src/dcon.o
 .debug_frame   0x0000000000000084      0x3dc Core/Src/ds18b20.o
 .debug_frame   0x0000000000000460       0x34 Core/Src/gpio.o
 .debug_frame   0x0000000000000494      0x1d8 Core/Src/main.o
 .debug_frame   0x000000000000066c       0x38 Core/Src/stm32f1xx_hal_msp.o
 .debug_frame   0x00000000000006a4      0x150 Core/Src/stm32f1xx_it.o
 .debug_frame   0x00000000000007f4       0x58 Core/Src/system_stm32f1xx.o
 .debug_frame   0x000000000000084c      0x114 Core/Src/tim.o
 .debug_frame   0x0000000000000960       0x74 Core/Src/usart.o
 .debug_frame   0x00000000000009d4      0x334 Drivers/STM32F1xx_HAL_Driver/Src/stm32f1xx_hal.o
 .debug_frame   0x0000000000000d08      0x428 Drivers/STM32F1xx_HAL_Driver/Src/stm32f1xx_hal_cortex.o
 .debug_frame   0x0000000000001130      0x214 Drivers/STM32F1xx_HAL_Driver/Src/stm32f1xx_hal_flash.o
 .debug_frame   0x0000000000001344      0x258 Drivers/STM32F1xx_HAL_Driver/Src/stm32f1xx_hal_flash_ex.o
 .debug_frame   0x000000000000159c      0x14c Drivers/STM32F1xx_HAL_Driver/Src/stm32f1xx_hal_gpio.o
 .debug_frame   0x00000000000016e8      0x21c Drivers/STM32F1xx_HAL_Driver/Src/stm32f1xx_hal_rcc.o
 .debug_frame   0x0000000000001904     0x10e8 Drivers/STM32F1xx_HAL_Driver/Src/stm32f1xx_hal_tim.o
 .debug_frame   0x00000000000029ec      0x5c0 Drivers/STM32F1xx_HAL_Driver/Src/stm32f1xx_hal_tim_ex.o
 .debug_frame   0x0000000000002fac      0x834 Drivers/STM32F1xx_HAL_Driver/Src/stm32f1xx_hal_uart.o
 .debug_frame   0x00000000000037e0       0x2c c:/st/stm32cubeide_1.1.0/stm32cubeide/plugins/com.st.stm32cube.ide.mcu.externaltools.gnu-tools-for-stm32.7-2018-q2-update.win32_1.0.0.201904181610/tools/bin/../lib/gcc/arm-none-eabi/7.3.1/../../../../arm-none-eabi/lib/thumb/v7-m\libc_nano.a(lib_a-init.o)
 .debug_frame   0x000000000000380c       0x20 c:/st/stm32cubeide_1.1.0/stm32cubeide/plugins/com.st.stm32cube.ide.mcu.externaltools.gnu-tools-for-stm32.7-2018-q2-update.win32_1.0.0.201904181610/tools/bin/../lib/gcc/arm-none-eabi/7.3.1/../../../../arm-none-eabi/lib/thumb/v7-m\libc_nano.a(lib_a-memset.o)
 .debug_frame   0x000000000000382c       0xac c:/st/stm32cubeide_1.1.0/stm32cubeide/plugins/com.st.stm32cube.ide.mcu.externaltools.gnu-tools-for-stm32.7-2018-q2-update.win32_1.0.0.201904181610/tools/bin/../lib/gcc/arm-none-eabi/7.3.1/thumb/v7-m\libgcc.a(_arm_addsubdf3.o)
 .debug_frame   0x00000000000038d8       0x50 c:/st/stm32cubeide_1.1.0/stm32cubeide/plugins/com.st.stm32cube.ide.mcu.externaltools.gnu-tools-for-stm32.7-2018-q2-update.win32_1.0.0.201904181610/tools/bin/../lib/gcc/arm-none-eabi/7.3.1/thumb/v7-m\libgcc.a(_arm_muldivdf3.o)
 .debug_frame   0x0000000000003928       0x24 c:/st/stm32cubeide_1.1.0/stm32cubeide/plugins/com.st.stm32cube.ide.mcu.externaltools.gnu-tools-for-stm32.7-2018-q2-update.win32_1.0.0.201904181610/tools/bin/../lib/gcc/arm-none-eabi/7.3.1/thumb/v7-m\libgcc.a(_arm_truncdfsf2.o)
 .debug_frame   0x000000000000394c       0x4c c:/st/stm32cubeide_1.1.0/stm32cubeide/plugins/com.st.stm32cube.ide.mcu.externaltools.gnu-tools-for-stm32.7-2018-q2-update.win32_1.0.0.201904181610/tools/bin/../lib/gcc/arm-none-eabi/7.3.1/thumb/v7-m\libgcc.a(_arm_addsubsf3.o)
 .debug_frame   0x0000000000003998       0x38 c:/st/stm32cubeide_1.1.0/stm32cubeide/plugins/com.st.stm32cube.ide.mcu.externaltools.gnu-tools-for-stm32.7-2018-q2-update.win32_1.0.0.201904181610/tools/bin/../lib/gcc/arm-none-eabi/7.3.1/thumb/v7-m\libgcc.a(_arm_muldivsf3.o)
 .debug_frame   0x00000000000039d0       0xc8 c:/st/stm32cubeide_1.1.0/stm32cubeide/plugins/com.st.stm32cube.ide.mcu.externaltools.gnu-tools-for-stm32.7-2018-q2-update.win32_1.0.0.201904181610/tools/bin/../lib/gcc/arm-none-eabi/7.3.1/thumb/v7-m\libgcc.a(_arm_cmpsf2.o)
 .debug_frame   0x0000000000003a98       0x24 c:/st/stm32cubeide_1.1.0/stm32cubeide/plugins/com.st.stm32cube.ide.mcu.externaltools.gnu-tools-for-stm32.7-2018-q2-update.win32_1.0.0.201904181610/tools/bin/../lib/gcc/arm-none-eabi/7.3.1/thumb/v7-m\libgcc.a(_arm_fixsfsi.o)
