ds18b20.c:19:6:DWT_Init	4	static
ds18b20.c:25:6:delay_us	24	static
ds18b20.c:32:6:Init_ds18b20_0	16	static
ds18b20.c:38:6:reset_0	8	static
ds18b20.c:47:6:writeBit_0	16	static
ds18b20.c:55:6:writeByte_0	24	static
ds18b20.c:64:9:readBit_0	16	static
ds18b20.c:76:9:readTemperature_0	16	static
ds18b20.c:88:6:ds18b20_mesureTemperature_0	8	static
ds18b20.c:95:9:ds18b20_getTemperature_0	8	static
ds18b20.c:103:6:setResolution_0	16	static
ds18b20.c:115:6:Init_ds18b20_1	16	static
ds18b20.c:121:6:reset_1	8	static
ds18b20.c:130:6:writeBit_1	16	static
ds18b20.c:138:6:writeByte_1	24	static
ds18b20.c:147:9:readBit_1	16	static
ds18b20.c:159:9:readTemperature_1	16	static
ds18b20.c:171:6:ds18b20_mesureTemperature_1	8	static
ds18b20.c:178:9:ds18b20_getTemperature_1	8	static
ds18b20.c:186:6:setResolution_1	16	static
ds18b20.c:198:6:Init_ds18b20_2	16	static
ds18b20.c:204:6:reset_2	8	static
ds18b20.c:213:6:writeBit_2	16	static
ds18b20.c:221:6:writeByte_2	24	static
ds18b20.c:230:9:readBit_2	16	static
ds18b20.c:242:9:readTemperature_2	16	static
ds18b20.c:254:6:ds18b20_mesureTemperature_2	8	static
ds18b20.c:261:9:ds18b20_getTemperature_2	8	static
ds18b20.c:269:6:setResolution_2	16	static
